GPU available: True (mps), used: True
TPU available: False, using: 0 TPU cores
💡 Tip: For seamless cloud logging and experiment tracking, try installing [litlogger](https://pypi.org/project/litlogger/) to enable LitLogger, which logs metrics and artifacts automatically to the Lightning Experiments platform.
GPU available: True (mps), used: True
TPU available: False, using: 0 TPU cores
💡 Tip: For seamless cloud logging and experiment tracking, try installing [litlogger](https://pypi.org/project/litlogger/) to enable LitLogger, which logs metrics and artifacts automatically to the Lightning Experiments platform.
/Users/tompitts/Library/Mobile Documents/com~apple~CloudDocs/dphil icloud/CanopyAI/venv310/lib/python3.10/site-packages/pytorch_lightning/callbacks/model_checkpoint.py:881: Checkpoint directory /Users/tompitts/Library/Mobile Documents/com~apple~CloudDocs/dphil icloud/CanopyAI/checkpoints/zsfinal/zsfinal_s4 exists and is not empty.
/Users/tompitts/Library/Mobile Documents/com~apple~CloudDocs/dphil icloud/CanopyAI/venv310/lib/python3.10/site-packages/torch/optim/lr_scheduler.py:60: UserWarning: The verbose parameter is deprecated. Please use get_last_lr() to access the learning rate.
  warnings.warn(

============================================================
🌲 DeepForest Training: zsfinal_s4
============================================================
============================================================
🌲 DeepForest Fine-tuning
============================================================

⚙️  Initializing model...
   Shadow angle auto-derived from CSV: 78.7 deg
   shadow_channel=False  shadow_cross_attention=False  shadow_proposals=False  shadow_proposals_iso=False  won_bbox_shrink=True
   Loaded 128 shadow vectors from train CSV (0 skipped — no shadow annotation)
   No dg_scale/dark_scale/otsu_ctr in train CSV — shadow maps will use per-tile stats
   Loaded domain labels from train CSV: ['BRU', 'NEON', 'WON']
   Loaded 19 shadow vectors from val CSV (17 skipped — no shadow annotation)
   No dg_scale/dark_scale/otsu_ctr in val CSV — shadow maps will use per-tile stats
   Loaded domain labels from val CSV: ['BRU', 'NAN', 'NEON', 'WON']
   Shadow Anticipation: DISABLED
   ✅ Shadow Loss Reweight: ENABLED  weight=4.0x for shadow-casting GT boxes
   Shadow Proposals: DISABLED

📦 Loading pretrained weights...
   ✅ Loaded HuggingFace pretrained weights

🔍 Searching for checkpoint to resume from...
   ⚠️  No checkpoint found in checkpoints/zsfinal/zsfinal_s4
   Starting fresh training

⚙️  Configuring training...
   🔄 Train transform: crop400 + ToTensorV2 (wrapper active)
   Validation enabled: deepforest_custom/zeroshot_final/val.csv

🔲 Found 16 confirmed-empty (hard-negative) images — will be injected into dataset after CSV loading

📊 Loading training data from deepforest_custom/zeroshot_final/train.csv...
   Training samples: 1386 bounding boxes
   Annotated images: 112
   Empty images    : 16
   Total images    : 128

📊 Loading validation data from deepforest_custom/zeroshot_final/val.csv...
   Validation samples: 439 bounding boxes
   Annotated images  : 32
   Empty images      : 4

⚙️  Training configuration:
   Epochs: 50
   Batch size: 16
   Learning rate: 0.001
   Early stopping patience: 5
   Checkpoint dir: checkpoints/zsfinal/zsfinal_s4

🚀 Starting training...
------------------------------------------------------------
   Optimizer: SGD  backbone_lr=0.001
┏━━━┳━━━━━━━━━━━━━━━━━━━━━━┳━━━━━━━━━━━━━━━━━━━━━━━┳━━━━━━━━┳━━━━━━━┳━━━━━━━┓
┃   ┃ Name                 ┃ Type                  ┃ Params ┃ Mode  ┃ FLOPs ┃
┡━━━╇━━━━━━━━━━━━━━━━━━━━━━╇━━━━━━━━━━━━━━━━━━━━━━━╇━━━━━━━━╇━━━━━━━╇━━━━━━━┩
│ 0 │ iou_metric           │ IntersectionOverUnion │      0 │ train │     0 │
│ 1 │ mAP_metric           │ MeanAveragePrecision  │      0 │ train │     0 │
│ 2 │ empty_frame_accuracy │ BinaryAccuracy        │      0 │ train │     0 │
│ 3 │ model                │ RetinaNetHub          │ 32.1 M │ train │     0 │
└───┴──────────────────────┴───────────────────────┴────────┴───────┴───────┘
Trainable params: 31.9 M                                                        
Non-trainable params: 222 K                                                     
Total params: 32.1 M                                                            
Total estimated model params size (MB): 128                                     
Modules in train mode: 205                                                      
Modules in eval mode: 0                                                         
Total FLOPs: 0                                                                  
/Users/tompitts/Library/Mobile Documents/com~apple~CloudDocs/dphil icloud/CanopyAI/venv310/lib/python3.10/site-packages/albumentations/core/composition.py:331: UserWarning: Got processor for bboxes, but no transform to process it.
  self._set_keys()
/Users/tompitts/Library/Mobile Documents/com~apple~CloudDocs/dphil icloud/CanopyAI/venv310/lib/python3.10/site-packages/albumentations/core/composition.py:331: UserWarning: Got processor for bboxes, but no transform to process it.
  self._set_keys()
Metric map improved. New best score: 0.388
Epoch 2, global step 24: 'map' reached 0.38752 (best 0.38752), saving model to '/Users/tompitts/Library/Mobile Documents/com~apple~CloudDocs/dphil icloud/CanopyAI/checkpoints/zsfinal/zsfinal_s4/deepforest-epoch=02-map=0.39.ckpt' as top 1
Metric map improved by 0.024 >= min_delta = 0.0. New best score: 0.412
Epoch 5, global step 48: 'map' reached 0.41181 (best 0.41181), saving model to '/Users/tompitts/Library/Mobile Documents/com~apple~CloudDocs/dphil icloud/CanopyAI/checkpoints/zsfinal/zsfinal_s4/deepforest-epoch=05-map=0.41.ckpt' as top 1
Epoch 8, global step 72: 'map' was not in top 1
Epoch 11, global step 96: 'map' was not in top 1
Metric map improved by 0.001 >= min_delta = 0.0. New best score: 0.413
Epoch 14, global step 120: 'map' reached 0.41320 (best 0.41320), saving model to '/Users/tompitts/Library/Mobile Documents/com~apple~CloudDocs/dphil icloud/CanopyAI/checkpoints/zsfinal/zsfinal_s4/deepforest-epoch=14-map=0.41.ckpt' as top 1
Epoch 17, global step 144: 'map' was not in top 1
Epoch 20, global step 168: 'map' was not in top 1
Epoch 23, global step 192: 'map' was not in top 1
Epoch 26, global step 216: 'map' was not in top 1
Monitored metric map did not improve in the last 5 records. Best score: 0.413. Signaling Trainer to stop.
Epoch 29, global step 240: 'map' was not in top 1
   ✅ Injected 16 empty images into training dataset (total: 128 images)
   ✅ RetinaNet cls loss patched — shadow GT weight=4.0x
   📉 Epoch 0 Loss: 2.0705
   📉 Epoch 1 Loss: 1.6963
   📉 Epoch 2 Loss: 1.5051
   📉 Epoch 3 Loss: 1.3637
   📉 Epoch 4 Loss: 1.2791
   📈 Epoch 5 mAP: 0.3875
   📉 Epoch 5 Loss: 1.2459
   📉 Epoch 6 Loss: 1.2093
   📉 Epoch 7 Loss: 1.1946
   📈 Epoch 8 mAP: 0.4118
   📉 Epoch 8 Loss: 1.1793
   📉 Epoch 9 Loss: 1.1714
   📉 Epoch 10 Loss: 1.1478
   📈 Epoch 11 mAP: 0.3934
   📉 Epoch 11 Loss: 1.1598
   📉 Epoch 12 Loss: 1.1399
   📉 Epoch 13 Loss: 1.1147
   📈 Epoch 14 mAP: 0.3683
   📉 Epoch 14 Loss: 1.1147
   📉 Epoch 15 Loss: 1.1058
   📉 Epoch 16 Loss: 1.1143
   📈 Epoch 17 mAP: 0.4132
   📉 Epoch 17 Loss: 1.1170
   📉 Epoch 18 Loss: 1.1130
   📉 Epoch 19 Loss: 1.1187
   📈 Epoch 20 mAP: 0.4112
   📉 Epoch 20 Loss: 1.1333
   📉 Epoch 21 Loss: 1.1133
   📉 Epoch 22 Loss: 1.1183
   📈 Epoch 23 mAP: 0.3779
   📉 Epoch 23 Loss: 1.1139
   📉 Epoch 24 Loss: 1.1162
   📉 Epoch 25 Loss: 1.1123
   📈 Epoch 26 mAP: 0.3614
   📉 Epoch 26 Loss: 1.1160
   📉 Epoch 27 Loss: 1.1218
   📉 Epoch 28 Loss: 1.1213
   📈 Epoch 29 mAP: 0.4095
   📉 Epoch 29 Loss: 1.1235
Epoch 29/49 ━━━━━━━━━━━━━━━━━━━━━━━━ 8/8 0:00:25 • 0:00:00 0.30it/s v_num: 0.000
/Users/tompitts/Library/Mobile Documents/com~apple~CloudDocs/dphil icloud/CanopyAI/deepforest_custom/train_deepforest.py:1040: FutureWarning: You are using `torch.load` with `weights_only=False` (the current default value), which uses the default pickle module implicitly. It is possible to construct malicious pickle data which will execute arbitrary code during unpickling (See https://github.com/pytorch/pytorch/blob/main/SECURITY.md#untrusted-models for more details). In a future release, the default value for `weights_only` will be flipped to `True`. This limits the functions that could be executed during unpickling. Arbitrary objects will no longer be allowed to be loaded via this mode unless they are explicitly allowlisted by the user via `torch.serialization.add_safe_globals`. We recommend you start setting `weights_only=True` for any use case where you don't have full control of the loaded file. Please open an issue on GitHub for any issues related to this experimental feature.
  best_sd = torch.load(best_ckpt, map_location="cpu")["state_dict"]

✅ Training complete!
💾 Saved final model to checkpoints/zsfinal/zsfinal_s4/deepforest_final.pth
💾 Saved BEST (top-1 val-mAP) model to checkpoints/zsfinal/zsfinal_s4/deepforest_best.pth  (from deepforest-epoch=14-map=0.41.ckpt)
🧾 Training provenance → checkpoints/zsfinal/zsfinal_s4/train_summary.json
