
────────────────────────────────────────────────────────────
  Inference: phase22_B_L4  [checkpoint]
────────────────────────────────────────────────────────────
    tcd_tile_4040.tif ... ✓
    tcd_tile_4051.tif ... ✓
    tcd_tile_4077.tif ... ✓
    tcd_tile_4106.tif ... ✓
    tcd_tile_4117.tif ... ✓
    tcd_tile_4119.tif ... ✓
    tcd_tile_4160.tif ... ✓
    tcd_tile_4179.tif ... ✓
    tcd_tile_4199.tif ... ✓
    tcd_tile_4212.tif ... ✓
    tcd_tile_451.tif ... ✓
    tcd_tile_459.tif ... ✓
    tcd_tile_519.tif ... ✓
    tcd_tile_554.tif ... ✓
    tcd_tile_571.tif ... ✓
    tcd_tile_602.tif ... ✓
    tcd_tile_669.tif ... ✓
    tcd_tile_738.tif ... ✓
    tcd_tile_745.tif ... ✓
    tcd_tile_829.tif ... ✓
    tcd_tile_866.tif ... ✓
    tcd_tile_993.tif ... ✓
    tcd_tile_994.tif ... ✓
  77 tiles skipped (already exist)
  100/100 successful

────────────────────────────────────────────────────────────
  Inference: phase21_baseline  [checkpoint]
────────────────────────────────────────────────────────────
  100 tiles skipped (already exist)
  100/100 successful

  Evaluating phase22_B_L4 ...
📊 Tile CSV saved to benchmark_results/phase22_B_L4_tiles.csv
    AP=0.126  AreaF1=0.527  (area thr=0.356)

  Evaluating phase21_baseline ...
📊 Tile CSV saved to benchmark_results/phase21_baseline_tiles.csv
    AP=0.113  AreaF1=0.380  (area thr=0.358)

════════════════════════════════════════════════════════════════════════════════════════════════
  BENCHMARK — Restor TCD  |  AP + F1-optimal operating point  |  Area metrics
  All GT (trees + canopy pooled)  |  IoP ≥ 0.40  (* = F1-optimal threshold)
════════════════════════════════════════════════════════════════════════════════════════════════
  Model                   N      AP   Prec*    Rec*     F1*    Thr*   AreaP   AreaR   AreaF1
  ------------------  -----  ------  ------  ------  ------  ------  ------  ------  ------  -------
  phase22_B_L4          100   0.126   0.165   0.463   0.244   0.356   0.670   0.434    0.527
  phase21_baseline      100   0.113   0.201   0.356   0.257   0.358   0.674   0.265    0.380
════════════════════════════════════════════════════════════════════════════════════════════════


═══════════════════════════════════════════════════════════════════════════
  PER-GROUP BREAKDOWN  |  IoP ≥ 0.40  (trees + canopy pooled)
═══════════════════════════════════════════════════════════════════════════
  Model               Group                              N       AP      F1*
  ------------------  ------------------------------  ----  -------  -------
  phase22_B_L4                                           5    0.184    0.302
  phase22_B_L4        Appalachian-Blue Ridge forests     1    0.200    0.400
  phase22_B_L4        Atlantic mixed forests             3    0.172    0.346
  phase22_B_L4        Bahia coastal forests              1    0.206    0.351
  phase22_B_L4        Bajío dry forests                  1    0.236    0.438
  phase22_B_L4        Bolivian montane dry forests       1    0.159    0.314
  phase22_B_L4        California coastal sage and chaparral     1    0.006    0.051
  phase22_B_L4        Caucasus mixed forests             3    0.123    0.280
  phase22_B_L4        Central European mixed forests     4    0.104    0.205
  phase22_B_L4        Central U.S. hardwood forests      1    0.232    0.411
  phase22_B_L4        Cerrado                            1    0.000    1.000
  phase22_B_L4        Chiquitano dry forests             1    0.260    0.397
  phase22_B_L4        East European forest steppe        1    0.265    0.333
  phase22_B_L4        Eastern Great Lakes lowland forests     1    0.322    0.480
  phase22_B_L4        Eastern Guinean forests            1    0.012    0.067
  phase22_B_L4        Eastern Java-Bali montane rain forests     1    0.349    0.395
  phase22_B_L4        English Lowlands beech forests     3    0.162    0.340
  phase22_B_L4        Fiji tropical dry forests          1    0.064    0.222
  phase22_B_L4        Greater Negros-Panay rain forests     1    0.073    0.195
  phase22_B_L4        Himalayan subtropical pine forests     1    0.139    0.241
  phase22_B_L4        Hispaniolan moist forests          4    0.066    0.199
  phase22_B_L4        Iberian sclerophyllous and semi-deciduous forests     1    0.097    0.286
  phase22_B_L4        Madeira-Tapajós moist forests      2    0.500    1.000
  phase22_B_L4        New England-Acadian forests        1    0.500    1.000
  phase22_B_L4        North Island temperate forests     1    0.200    0.330
  phase22_B_L4        Northeastern coastal forests       2    0.102    0.211
  phase22_B_L4        Northern Anatolian conifer and deciduous forests     1    0.249    0.365
  phase22_B_L4        Northern Congolian forest-savanna mosaic     1    0.036    0.162
  phase22_B_L4        Northern Zanzibar-Inhambane coastal forest mosaic     9    0.199    0.300
  phase22_B_L4        Palawan rain forests               1    0.020    0.500
  phase22_B_L4        Petén-Veracruz moist forests       2    0.126    0.277
  phase22_B_L4        Po Basin mixed forests             1    0.085    0.246
  phase22_B_L4        Richmond temperate forests         1    0.071    0.202
  phase22_B_L4        Rodope montane mixed forests       1    0.147    0.311
  phase22_B_L4        Sarmatic mixed forests             6    0.099    0.168
  phase22_B_L4        Serra do Mar coastal forests       2    0.027    0.121
  phase22_B_L4        Sierra Nevada forests              4    0.384    0.545
  phase22_B_L4        Snake-Columbia shrub steppe        1    0.332    0.562
  phase22_B_L4        South Central Rockies forests      1    0.548    0.689
  phase22_B_L4        Southeastern conifer forests       1    0.085    0.182
  phase22_B_L4        Southern Great Lakes forests       1    0.251    0.421
  phase22_B_L4        Southern Zanzibar-Inhambane coastal forest mosaic     3    0.353    0.528
  phase22_B_L4        Sulawesi lowland rain forests      2    0.106    0.233
  phase22_B_L4        Taiheiyo evergreen forests         1    0.001    0.167
  phase22_B_L4        Tigris-Euphrates alluvial salt marsh     1    0.107    0.222
  phase22_B_L4        Timor and Wetar deciduous forests     4    0.189    0.416
  phase22_B_L4        Tongan tropical moist forests      3    0.139    0.311
  phase22_B_L4        Tumbes-Piura dry forests           1    0.326    0.443
  phase22_B_L4        Upper Gangetic Plains moist deciduous forests     2    0.143    0.259
  phase22_B_L4        Upper Midwest forest-savanna transition     1    0.000    0.059
  phase22_B_L4        Western European broadleaf forests     3    0.149    0.327
  phase22_B_L4        Western Siberian hemiboreal forests     1    0.138    0.350
  phase22_B_L4        Willamette Valley forests          1    0.015    0.049
  ------------------  ------------------------------  ----  -------  -------
  phase21_baseline                                       5    0.136    0.293
  phase21_baseline    Appalachian-Blue Ridge forests     1    0.135    0.320
  phase21_baseline    Atlantic mixed forests             3    0.174    0.333
  phase21_baseline    Bahia coastal forests              1    0.123    0.250
  phase21_baseline    Bajío dry forests                  1    0.193    0.386
  phase21_baseline    Bolivian montane dry forests       1    0.100    0.270
  phase21_baseline    California coastal sage and chaparral     1    0.005    0.053
  phase21_baseline    Caucasus mixed forests             3    0.028    0.154
  phase21_baseline    Central European mixed forests     4    0.118    0.254
  phase21_baseline    Central U.S. hardwood forests      1    0.225    0.419
  phase21_baseline    Cerrado                            1    0.000    1.000
  phase21_baseline    Chiquitano dry forests             1    0.221    0.373
  phase21_baseline    East European forest steppe        1    0.193    0.309
  phase21_baseline    Eastern Great Lakes lowland forests     1    0.205    0.333
  phase21_baseline    Eastern Guinean forests            1    0.000    0.000
  phase21_baseline    Eastern Java-Bali montane rain forests     1    0.463    0.561
  phase21_baseline    English Lowlands beech forests     3    0.134    0.296
  phase21_baseline    Fiji tropical dry forests          1    0.144    0.333
  phase21_baseline    Greater Negros-Panay rain forests     1    0.056    0.149
  phase21_baseline    Himalayan subtropical pine forests     1    0.157    0.243
  phase21_baseline    Hispaniolan moist forests          4    0.054    0.205
  phase21_baseline    Iberian sclerophyllous and semi-deciduous forests     1    0.101    0.279
  phase21_baseline    Madeira-Tapajós moist forests      2    0.500    1.000
  phase21_baseline    New England-Acadian forests        1    0.500    1.000
  phase21_baseline    North Island temperate forests     1    0.140    0.286
  phase21_baseline    Northeastern coastal forests       2    0.141    0.240
  phase21_baseline    Northern Anatolian conifer and deciduous forests     1    0.323    0.485
  phase21_baseline    Northern Congolian forest-savanna mosaic     1    0.047    0.162
  phase21_baseline    Northern Zanzibar-Inhambane coastal forest mosaic     9    0.182    0.316
  phase21_baseline    Palawan rain forests               1    0.019    0.500
  phase21_baseline    Petén-Veracruz moist forests       2    0.142    0.295
  phase21_baseline    Po Basin mixed forests             1    0.148    0.400
  phase21_baseline    Richmond temperate forests         1    0.076    0.240
  phase21_baseline    Rodope montane mixed forests       1    0.162    0.383
  phase21_baseline    Sarmatic mixed forests             6    0.083    0.163
  phase21_baseline    Serra do Mar coastal forests       2    0.044    0.147
  phase21_baseline    Sierra Nevada forests              4    0.438    0.602
  phase21_baseline    Snake-Columbia shrub steppe        1    0.252    0.500
  phase21_baseline    South Central Rockies forests      1    0.529    0.677
  phase21_baseline    Southeastern conifer forests       1    0.015    0.200
  phase21_baseline    Southern Great Lakes forests       1    0.299    0.421
  phase21_baseline    Southern Zanzibar-Inhambane coastal forest mosaic     3    0.339    0.535
  phase21_baseline    Sulawesi lowland rain forests      2    0.142    0.276
  phase21_baseline    Taiheiyo evergreen forests         1    0.001    0.167
  phase21_baseline    Tigris-Euphrates alluvial salt marsh     1    0.142    0.345
  phase21_baseline    Timor and Wetar deciduous forests     4    0.130    0.344
  phase21_baseline    Tongan tropical moist forests      3    0.172    0.363
  phase21_baseline    Tumbes-Piura dry forests           1    0.318    0.464
  phase21_baseline    Upper Gangetic Plains moist deciduous forests     2    0.155    0.297
  phase21_baseline    Upper Midwest forest-savanna transition     1    0.000    0.000
  phase21_baseline    Western European broadleaf forests     3    0.279    0.400
  phase21_baseline    Western Siberian hemiboreal forests     1    0.046    0.169
  phase21_baseline    Willamette Valley forests          1    0.012    0.050
  ------------------  ------------------------------  ----  -------  -------
═══════════════════════════════════════════════════════════════════════════


📈 PR curves saved to benchmark_results/phase22_vs_21base_pr.png
💾 Summary saved to benchmark_results/benchmark_summary.json
